// Jest Snapshot v1, https://goo.gl/fbAQLP

exports[`probar boton 1`] = `
<div
  className="App"
>
  <button>
    Pulsame
  </button>
</div>
`;
